<?xml version="1.0" encoding="UTF-8"?>
<testsuites>
  <testsuite name="/var/www/html/phpunit.xml" tests="70" assertions="451" errors="0" failures="0" skipped="0" time="5.357653">
    <testsuite name="Unit" tests="15" assertions="214" errors="0" failures="0" skipped="0" time="0.923843">
      <testsuite name="Tests\Unit\Listeners\GenerateHomePlanetTest" file="tests/Unit/Listeners/GenerateHomePlanetTest.php" tests="5" assertions="17" errors="0" failures="0" skipped="0" time="0.342952">
        <testcase name="it generates and assigns a planet to the user" file="tests/Unit/Listeners/GenerateHomePlanetTest.php::it generates and assigns a planet to the user" class="Tests\Unit\Listeners\GenerateHomePlanetTest" classname="Tests.Unit.Listeners.GenerateHomePlanetTest" assertions="3" time="0.184433"/>
        <testcase name="it handles errors gracefully without blocking registration" file="tests/Unit/Listeners/GenerateHomePlanetTest.php::it handles errors gracefully without blocking registration" class="Tests\Unit\Listeners\GenerateHomePlanetTest" classname="Tests.Unit.Listeners.GenerateHomePlanetTest" assertions="2" time="0.032425"/>
        <testcase name="it completes successfully without errors" file="tests/Unit/Listeners/GenerateHomePlanetTest.php::it completes successfully without errors" class="Tests\Unit\Listeners\GenerateHomePlanetTest" classname="Tests.Unit.Listeners.GenerateHomePlanetTest" assertions="1" time="0.036135"/>
        <testcase name="it assigns a planet with all required characteristics" file="tests/Unit/Listeners/GenerateHomePlanetTest.php::it assigns a planet with all required characteristics" class="Tests\Unit\Listeners\GenerateHomePlanetTest" classname="Tests.Unit.Listeners.GenerateHomePlanetTest" assertions="8" time="0.039415"/>
        <testcase name="it assigns different home planets to multiple users" file="tests/Unit/Listeners/GenerateHomePlanetTest.php::it assigns different home planets to multiple users" class="Tests\Unit\Listeners\GenerateHomePlanetTest" classname="Tests.Unit.Listeners.GenerateHomePlanetTest" assertions="3" time="0.050545"/>
      </testsuite>
      <testsuite name="Tests\Unit\Services\PlanetGeneratorServiceTest" file="tests/Unit/Services/PlanetGeneratorServiceTest.php" tests="10" assertions="197" errors="0" failures="0" skipped="0" time="0.580890">
        <testcase name="it generates a valid planet with all required fields" file="tests/Unit/Services/PlanetGeneratorServiceTest.php::it generates a valid planet with all required fields" class="Tests\Unit\Services\PlanetGeneratorServiceTest" classname="Tests.Unit.Services.PlanetGeneratorServiceTest" assertions="10" time="0.037668"/>
        <testcase name="it generates a planet with valid type from configuration" file="tests/Unit/Services/PlanetGeneratorServiceTest.php::it generates a planet with valid type from configuration" class="Tests\Unit\Services\PlanetGeneratorServiceTest" classname="Tests.Unit.Services.PlanetGeneratorServiceTest" assertions="1" time="0.025929"/>
        <testcase name="it generates a planet with valid characteristics for its type" file="tests/Unit/Services/PlanetGeneratorServiceTest.php::it generates a planet with valid characteristics for its type" class="Tests\Unit\Services\PlanetGeneratorServiceTest" classname="Tests.Unit.Services.PlanetGeneratorServiceTest" assertions="5" time="0.026434"/>
        <testcase name="it generates unique planet names" file="tests/Unit/Services/PlanetGeneratorServiceTest.php::it generates unique planet names" class="Tests\Unit\Services\PlanetGeneratorServiceTest" classname="Tests.Unit.Services.PlanetGeneratorServiceTest" assertions="1" time="0.074129"/>
        <testcase name="it generates planet names following the expected format" file="tests/Unit/Services/PlanetGeneratorServiceTest.php::it generates planet names following the expected format" class="Tests\Unit\Services\PlanetGeneratorServiceTest" classname="Tests.Unit.Services.PlanetGeneratorServiceTest" assertions="1" time="0.025228"/>
        <testcase name="it generates coherent planet descriptions" file="tests/Unit/Services/PlanetGeneratorServiceTest.php::it generates coherent planet descriptions" class="Tests\Unit\Services\PlanetGeneratorServiceTest" classname="Tests.Unit.Services.PlanetGeneratorServiceTest" assertions="3" time="0.026516"/>
        <testcase name="it selects planet types respecting weighted probability" file="tests/Unit/Services/PlanetGeneratorServiceTest.php::it selects planet types respecting weighted probability" class="Tests\Unit\Services\PlanetGeneratorServiceTest" classname="Tests.Unit.Services.PlanetGeneratorServiceTest" assertions="5" time="0.033106"/>
        <testcase name="it generates valid characteristics for a given type" file="tests/Unit/Services/PlanetGeneratorServiceTest.php::it generates valid characteristics for a given type" class="Tests\Unit\Services\PlanetGeneratorServiceTest" classname="Tests.Unit.Services.PlanetGeneratorServiceTest" assertions="55" time="0.018290"/>
        <testcase name="it generates coherent descriptions" file="tests/Unit/Services/PlanetGeneratorServiceTest.php::it generates coherent descriptions" class="Tests\Unit\Services\PlanetGeneratorServiceTest" classname="Tests.Unit.Services.PlanetGeneratorServiceTest" assertions="15" time="0.017919"/>
        <testcase name="it can generate multiple planets without conflicts" file="tests/Unit/Services/PlanetGeneratorServiceTest.php::it can generate multiple planets without conflicts" class="Tests\Unit\Services\PlanetGeneratorServiceTest" classname="Tests.Unit.Services.PlanetGeneratorServiceTest" assertions="101" time="0.295673"/>
      </testsuite>
    </testsuite>
    <testsuite name="Feature" tests="55" assertions="237" errors="0" failures="0" skipped="0" time="4.433811">
      <testsuite name="Tests\Feature\Api\AuthControllerTest" file="tests/Feature/Api/AuthControllerTest.php" tests="13" assertions="60" errors="0" failures="0" skipped="0" time="1.390105">
        <testcase name="it allows user to register successfully" file="tests/Feature/Api/AuthControllerTest.php::it allows user to register successfully" class="Tests\Feature\Api\AuthControllerTest" classname="Tests.Feature.Api.AuthControllerTest" assertions="12" time="1.016252"/>
        <testcase name="it validates required fields during registration" file="tests/Feature/Api/AuthControllerTest.php::it validates required fields during registration" class="Tests\Feature\Api\AuthControllerTest" classname="Tests.Feature.Api.AuthControllerTest" assertions="5" time="0.051459"/>
        <testcase name="it validates email uniqueness during registration" file="tests/Feature/Api/AuthControllerTest.php::it validates email uniqueness during registration" class="Tests\Feature\Api\AuthControllerTest" classname="Tests.Feature.Api.AuthControllerTest" assertions="3" time="0.030673"/>
        <testcase name="it validates password confirmation during registration" file="tests/Feature/Api/AuthControllerTest.php::it validates password confirmation during registration" class="Tests\Feature\Api\AuthControllerTest" classname="Tests.Feature.Api.AuthControllerTest" assertions="3" time="0.023661"/>
        <testcase name="it validates password minimum length during registration" file="tests/Feature/Api/AuthControllerTest.php::it validates password minimum length during registration" class="Tests\Feature\Api\AuthControllerTest" classname="Tests.Feature.Api.AuthControllerTest" assertions="3" time="0.023908"/>
        <testcase name="it allows user to login successfully" file="tests/Feature/Api/AuthControllerTest.php::it allows user to login successfully" class="Tests\Feature\Api\AuthControllerTest" classname="Tests.Feature.Api.AuthControllerTest" assertions="11" time="0.032506"/>
        <testcase name="it fails login with incorrect credentials" file="tests/Feature/Api/AuthControllerTest.php::it fails login with incorrect credentials" class="Tests\Feature\Api\AuthControllerTest" classname="Tests.Feature.Api.AuthControllerTest" assertions="3" time="0.029599"/>
        <testcase name="it fails login with non-existent email" file="tests/Feature/Api/AuthControllerTest.php::it fails login with non-existent email" class="Tests\Feature\Api\AuthControllerTest" classname="Tests.Feature.Api.AuthControllerTest" assertions="3" time="0.024736"/>
        <testcase name="it requires authentication for logout" file="tests/Feature/Api/AuthControllerTest.php::it requires authentication for logout" class="Tests\Feature\Api\AuthControllerTest" classname="Tests.Feature.Api.AuthControllerTest" assertions="1" time="0.022090"/>
        <testcase name="it allows user to logout successfully" file="tests/Feature/Api/AuthControllerTest.php::it allows user to logout successfully" class="Tests\Feature\Api\AuthControllerTest" classname="Tests.Feature.Api.AuthControllerTest" assertions="3" time="0.031688"/>
        <testcase name="it requires authentication to get user" file="tests/Feature/Api/AuthControllerTest.php::it requires authentication to get user" class="Tests\Feature\Api\AuthControllerTest" classname="Tests.Feature.Api.AuthControllerTest" assertions="1" time="0.021817"/>
        <testcase name="it returns authenticated user data" file="tests/Feature/Api/AuthControllerTest.php::it returns authenticated user data" class="Tests\Feature\Api\AuthControllerTest" classname="Tests.Feature.Api.AuthControllerTest" assertions="9" time="0.031263"/>
        <testcase name="it triggers planet generation during registration" file="tests/Feature/Api/AuthControllerTest.php::it triggers planet generation during registration" class="Tests\Feature\Api\AuthControllerTest" classname="Tests.Feature.Api.AuthControllerTest" assertions="3" time="0.050453"/>
      </testsuite>
      <testsuite name="Tests\Feature\Api\PlanetControllerTest" file="tests/Feature/Api/PlanetControllerTest.php" tests="3" assertions="17" errors="0" failures="0" skipped="0" time="0.110163">
        <testcase name="it returns planet details" file="tests/Feature/Api/PlanetControllerTest.php::it returns planet details" class="Tests\Feature\Api\PlanetControllerTest" classname="Tests.Feature.Api.PlanetControllerTest" assertions="14" time="0.045915"/>
        <testcase name="it returns 404 for non-existent planet" file="tests/Feature/Api/PlanetControllerTest.php::it returns 404 for non-existent planet" class="Tests\Feature\Api\PlanetControllerTest" classname="Tests.Feature.Api.PlanetControllerTest" assertions="1" time="0.032600"/>
        <testcase name="it returns all required planet fields" file="tests/Feature/Api/PlanetControllerTest.php::it returns all required planet fields" class="Tests\Feature\Api\PlanetControllerTest" classname="Tests.Feature.Api.PlanetControllerTest" assertions="2" time="0.031647"/>
      </testsuite>
      <testsuite name="Tests\Feature\Api\UserControllerTest" file="tests/Feature/Api/UserControllerTest.php" tests="12" assertions="54" errors="0" failures="0" skipped="0" time="0.401517">
        <testcase name="it returns user details" file="tests/Feature/Api/UserControllerTest.php::it returns user details" class="Tests\Feature\Api\UserControllerTest" classname="Tests.Feature.Api.UserControllerTest" assertions="9" time="0.038338"/>
        <testcase name="it returns 404 for non-existent user" file="tests/Feature/Api/UserControllerTest.php::it returns 404 for non-existent user" class="Tests\Feature\Api\UserControllerTest" classname="Tests.Feature.Api.UserControllerTest" assertions="1" time="0.030958"/>
        <testcase name="it updates user profile successfully" file="tests/Feature/Api/UserControllerTest.php::it updates user profile successfully" class="Tests\Feature\Api\UserControllerTest" classname="Tests.Feature.Api.UserControllerTest" assertions="11" time="0.036942"/>
        <testcase name="it requires authentication to update profile" file="tests/Feature/Api/UserControllerTest.php::it requires authentication to update profile" class="Tests\Feature\Api\UserControllerTest" classname="Tests.Feature.Api.UserControllerTest" assertions="1" time="0.027558"/>
        <testcase name="it requires authorization to update profile" file="tests/Feature/Api/UserControllerTest.php::it requires authorization to update profile" class="Tests\Feature\Api\UserControllerTest" classname="Tests.Feature.Api.UserControllerTest" assertions="3" time="0.033188"/>
        <testcase name="it validates email format during update" file="tests/Feature/Api/UserControllerTest.php::it validates email format during update" class="Tests\Feature\Api\UserControllerTest" classname="Tests.Feature.Api.UserControllerTest" assertions="3" time="0.031389"/>
        <testcase name="it validates email uniqueness during update" file="tests/Feature/Api/UserControllerTest.php::it validates email uniqueness during update" class="Tests\Feature\Api\UserControllerTest" classname="Tests.Feature.Api.UserControllerTest" assertions="3" time="0.034513"/>
        <testcase name="it can update only name" file="tests/Feature/Api/UserControllerTest.php::it can update only name" class="Tests\Feature\Api\UserControllerTest" classname="Tests.Feature.Api.UserControllerTest" assertions="3" time="0.034086"/>
        <testcase name="it can update only email" file="tests/Feature/Api/UserControllerTest.php::it can update only email" class="Tests\Feature\Api\UserControllerTest" classname="Tests.Feature.Api.UserControllerTest" assertions="3" time="0.037192"/>
        <testcase name="it returns user home planet" file="tests/Feature/Api/UserControllerTest.php::it returns user home planet" class="Tests\Feature\Api\UserControllerTest" classname="Tests.Feature.Api.UserControllerTest" assertions="14" time="0.034350"/>
        <testcase name="it returns 404 when user has no home planet" file="tests/Feature/Api/UserControllerTest.php::it returns 404 when user has no home planet" class="Tests\Feature\Api\UserControllerTest" classname="Tests.Feature.Api.UserControllerTest" assertions="2" time="0.030228"/>
        <testcase name="it returns 404 for non-existent user when getting home planet" file="tests/Feature/Api/UserControllerTest.php::it returns 404 for non-existent user when getting home planet" class="Tests\Feature\Api\UserControllerTest" classname="Tests.Feature.Api.UserControllerTest" assertions="1" time="0.032774"/>
      </testsuite>
      <testsuite name="Tests\Feature\E2E\RegistrationFlowTest" file="tests/Feature/E2E/RegistrationFlowTest.php" tests="4" assertions="28" errors="0" failures="0" skipped="0" time="0.314957">
        <testcase name="it completes registration flow end-to-end" file="tests/Feature/E2E/RegistrationFlowTest.php::it completes registration flow end-to-end" class="Tests\Feature\E2E\RegistrationFlowTest" classname="Tests.Feature.E2E.RegistrationFlowTest" assertions="10" time="0.111291"/>
        <testcase name="it shows validation errors for invalid registration data" file="tests/Feature/E2E/RegistrationFlowTest.php::it shows validation errors for invalid registration data" class="Tests\Feature\E2E\RegistrationFlowTest" classname="Tests.Feature.E2E.RegistrationFlowTest" assertions="8" time="0.059920"/>
        <testcase name="it shows error for duplicate email during registration" file="tests/Feature/E2E/RegistrationFlowTest.php::it shows error for duplicate email during registration" class="Tests\Feature\E2E\RegistrationFlowTest" classname="Tests.Feature.E2E.RegistrationFlowTest" assertions="4" time="0.062333"/>
        <testcase name="it creates user and planet correctly during registration" file="tests/Feature/E2E/RegistrationFlowTest.php::it creates user and planet correctly during registration" class="Tests\Feature\E2E\RegistrationFlowTest" classname="Tests.Feature.E2E.RegistrationFlowTest" assertions="6" time="0.081412"/>
      </testsuite>
      <testsuite name="Tests\Feature\Livewire\DashboardTest" file="tests/Feature/Livewire/DashboardTest.php" tests="5" assertions="15" errors="0" failures="0" skipped="0" time="0.225281">
        <testcase name="it renders dashboard component successfully" file="tests/Feature/Livewire/DashboardTest.php::it renders dashboard component successfully" class="Tests\Feature\Livewire\DashboardTest" classname="Tests.Feature.Livewire.DashboardTest" assertions="5" time="0.053322"/>
        <testcase name="it loads user and planet data on mount" file="tests/Feature/Livewire/DashboardTest.php::it loads user and planet data on mount" class="Tests\Feature\Livewire\DashboardTest" classname="Tests.Feature.Livewire.DashboardTest" assertions="3" time="0.047223"/>
        <testcase name="it handles missing home planet" file="tests/Feature/Livewire/DashboardTest.php::it handles missing home planet" class="Tests\Feature\Livewire\DashboardTest" classname="Tests.Feature.Livewire.DashboardTest" assertions="2" time="0.040955"/>
        <testcase name="it handles unauthenticated user" file="tests/Feature/Livewire/DashboardTest.php::it handles unauthenticated user" class="Tests\Feature\Livewire\DashboardTest" classname="Tests.Feature.Livewire.DashboardTest" assertions="2" time="0.035690"/>
        <testcase name="it can reload user and planet data" file="tests/Feature/Livewire/DashboardTest.php::it can reload user and planet data" class="Tests\Feature\Livewire\DashboardTest" classname="Tests.Feature.Livewire.DashboardTest" assertions="3" time="0.048091"/>
      </testsuite>
      <testsuite name="Tests\Feature\Livewire\LoginTest" file="tests/Feature/Livewire/LoginTest.php" tests="6" assertions="19" errors="0" failures="0" skipped="0" time="1.371103">
        <testcase name="it renders login component" file="tests/Feature/Livewire/LoginTest.php::it renders login component" class="Tests\Feature\Livewire\LoginTest" classname="Tests.Feature.Livewire.LoginTest" assertions="1" time="0.037585"/>
        <testcase name="it validates required fields during login" file="tests/Feature/Livewire/LoginTest.php::it validates required fields during login" class="Tests\Feature\Livewire\LoginTest" classname="Tests.Feature.Livewire.LoginTest" assertions="5" time="0.046967"/>
        <testcase name="it validates email format during login" file="tests/Feature/Livewire/LoginTest.php::it validates email format during login" class="Tests\Feature\Livewire\LoginTest" classname="Tests.Feature.Livewire.LoginTest" assertions="3" time="0.048990"/>
        <testcase name="it allows successful login" file="tests/Feature/Livewire/LoginTest.php::it allows successful login" class="Tests\Feature\Livewire\LoginTest" classname="Tests.Feature.Livewire.LoginTest" assertions="4" time="1.080841"/>
        <testcase name="it handles invalid credentials" file="tests/Feature/Livewire/LoginTest.php::it handles invalid credentials" class="Tests\Feature\Livewire\LoginTest" classname="Tests.Feature.Livewire.LoginTest" assertions="3" time="0.105824"/>
        <testcase name="it handles non-existent user" file="tests/Feature/Livewire/LoginTest.php::it handles non-existent user" class="Tests\Feature\Livewire\LoginTest" classname="Tests.Feature.Livewire.LoginTest" assertions="3" time="0.050897"/>
      </testsuite>
      <testsuite name="Tests\Feature\Livewire\ProfileTest" file="tests/Feature/Livewire/ProfileTest.php" tests="4" assertions="13" errors="0" failures="0" skipped="0" time="0.146383">
        <testcase name="it renders profile component successfully" file="tests/Feature/Livewire/ProfileTest.php::it renders profile component successfully" class="Tests\Feature\Livewire\ProfileTest" classname="Tests.Feature.Livewire.ProfileTest" assertions="3" time="0.037806"/>
        <testcase name="it loads user data on mount" file="tests/Feature/Livewire/ProfileTest.php::it loads user data on mount" class="Tests\Feature\Livewire\ProfileTest" classname="Tests.Feature.Livewire.ProfileTest" assertions="4" time="0.031143"/>
        <testcase name="it can reload user data" file="tests/Feature/Livewire/ProfileTest.php::it can reload user data" class="Tests\Feature\Livewire\ProfileTest" classname="Tests.Feature.Livewire.ProfileTest" assertions="4" time="0.044706"/>
        <testcase name="it handles unauthenticated user" file="tests/Feature/Livewire/ProfileTest.php::it handles unauthenticated user" class="Tests\Feature\Livewire\ProfileTest" classname="Tests.Feature.Livewire.ProfileTest" assertions="2" time="0.032728"/>
      </testsuite>
      <testsuite name="Tests\Feature\Livewire\RegisterTest" file="tests/Feature/Livewire/RegisterTest.php" tests="8" assertions="31" errors="0" failures="0" skipped="0" time="0.474303">
        <testcase name="it renders register component" file="tests/Feature/Livewire/RegisterTest.php::it renders register component" class="Tests\Feature\Livewire\RegisterTest" classname="Tests.Feature.Livewire.RegisterTest" assertions="1" time="0.034989"/>
        <testcase name="it validates required fields during registration" file="tests/Feature/Livewire/RegisterTest.php::it validates required fields during registration" class="Tests\Feature\Livewire\RegisterTest" classname="Tests.Feature.Livewire.RegisterTest" assertions="7" time="0.053097"/>
        <testcase name="it validates email format during registration" file="tests/Feature/Livewire/RegisterTest.php::it validates email format during registration" class="Tests\Feature\Livewire\RegisterTest" classname="Tests.Feature.Livewire.RegisterTest" assertions="3" time="0.058969"/>
        <testcase name="it validates password confirmation during registration" file="tests/Feature/Livewire/RegisterTest.php::it validates password confirmation during registration" class="Tests\Feature\Livewire\RegisterTest" classname="Tests.Feature.Livewire.RegisterTest" assertions="3" time="0.059982"/>
        <testcase name="it validates password minimum length during registration" file="tests/Feature/Livewire/RegisterTest.php::it validates password minimum length during registration" class="Tests\Feature\Livewire\RegisterTest" classname="Tests.Feature.Livewire.RegisterTest" assertions="3" time="0.060029"/>
        <testcase name="it allows successful registration" file="tests/Feature/Livewire/RegisterTest.php::it allows successful registration" class="Tests\Feature\Livewire\RegisterTest" classname="Tests.Feature.Livewire.RegisterTest" assertions="6" time="0.068613"/>
        <testcase name="it handles duplicate email during registration" file="tests/Feature/Livewire/RegisterTest.php::it handles duplicate email during registration" class="Tests\Feature\Livewire\RegisterTest" classname="Tests.Feature.Livewire.RegisterTest" assertions="3" time="0.068063"/>
        <testcase name="it creates user with home planet during registration" file="tests/Feature/Livewire/RegisterTest.php::it creates user with home planet during registration" class="Tests\Feature\Livewire\RegisterTest" classname="Tests.Feature.Livewire.RegisterTest" assertions="5" time="0.070560"/>
      </testsuite>
    </testsuite>
  </testsuite>
</testsuites>
